2026-09-03 14:45:57.621: [INFO] CurrentProfilePath: H:\AB\Delphi_XE\TBGWebCharts\Sample\VCL\Dashboard Black\Win32\Debug\BlackDashboard.exe.WebView2\EBWebView\Default
2026-09-03 14:45:57.621: [INFO] Profiles total count: 1
2026-09-03 14:45:57.621: [INFO] Profile: name=Perfil 1 path=H:\AB\Delphi_XE\TBGWebCharts\Sample\VCL\Dashboard Black\Win32\Debug\BlackDashboard.exe.WebView2\EBWebView\Default lastActive=null
2026-09-03 14:45:57.621: [INFO] LastUsedProfileDir: H:\AB\Delphi_XE\TBGWebCharts\Sample\VCL\Dashboard Black\Win32\Debug\BlackDashboard.exe.WebView2\EBWebView\Default
2026-09-03 14:45:57.621: [INFO] OnDoneLoading sync enabled: 0
2026-09-03 14:45:57.621: [INFO] BookmarkModelLoaded, ids_reassigned: 0
2026-09-03 14:45:57.621: [INFO] BookmarksLoadDropped droppedNodes=0
2026-09-03 14:45:57.621: [INFO] BookmarksSnapshot Startup total=0 bar=0 other=0 mobile=0 showBar=0 showBarNTP=1
2026-09-03 14:46:34.344: [INFO] BookmarksSnapshot Shutdown total=0 bar=0 other=0 mobile=0 showBar=0 showBarNTP=1
2026-09-03 14:48:04.552: [INFO] CurrentProfilePath: H:\AB\Delphi_XE\TBGWebCharts\Sample\VCL\Dashboard Black\Win32\Debug\BlackDashboard.exe.WebView2\EBWebView\Default
2026-09-03 14:48:04.552: [INFO] Profiles total count: 1
2026-09-03 14:48:04.552: [INFO] Profile: name=Perfil 1 path=H:\AB\Delphi_XE\TBGWebCharts\Sample\VCL\Dashboard Black\Win32\Debug\BlackDashboard.exe.WebView2\EBWebView\Default lastActive=2026-09-03T14:46:26.623Z
2026-09-03 14:48:04.552: [INFO] LastUsedProfileDir: H:\AB\Delphi_XE\TBGWebCharts\Sample\VCL\Dashboard Black\Win32\Debug\BlackDashboard.exe.WebView2\EBWebView\Default
2026-09-03 14:48:04.552: [INFO] MostRecentlyActiveProfile: name=Perfil 1 path=H:\AB\Delphi_XE\TBGWebCharts\Sample\VCL\Dashboard Black\Win32\Debug\BlackDashboard.exe.WebView2\EBWebView\Default lastActive=2026-09-03T14:46:26.623Z
2026-09-03 14:48:04.552: [INFO] OnDoneLoading sync enabled: 0
2026-09-03 14:48:04.552: [INFO] BookmarkModelLoaded, ids_reassigned: 0
2026-09-03 14:48:04.552: [INFO] BookmarksLoadDropped droppedNodes=0
2026-09-03 14:48:04.552: [INFO] BookmarksSnapshot Startup total=0 bar=0 other=0 mobile=0 showBar=0 showBarNTP=1
2026-09-03 14:48:11.292: [INFO] BookmarksSnapshot Shutdown total=0 bar=0 other=0 mobile=0 showBar=0 showBarNTP=1
2026-09-03 14:51:54.694: [INFO] CurrentProfilePath: H:\AB\Delphi_XE\TBGWebCharts\Sample\VCL\Dashboard Black\Win32\Debug\BlackDashboard.exe.WebView2\EBWebView\Default
2026-09-03 14:51:54.694: [INFO] Profiles total count: 1
2026-09-03 14:51:54.694: [INFO] Profile: name=Perfil 1 path=H:\AB\Delphi_XE\TBGWebCharts\Sample\VCL\Dashboard Black\Win32\Debug\BlackDashboard.exe.WebView2\EBWebView\Default lastActive=2026-09-03T14:46:26.623Z
2026-09-03 14:51:54.694: [INFO] LastUsedProfileDir: H:\AB\Delphi_XE\TBGWebCharts\Sample\VCL\Dashboard Black\Win32\Debug\BlackDashboard.exe.WebView2\EBWebView\Default
2026-09-03 14:51:54.694: [INFO] MostRecentlyActiveProfile: name=Perfil 1 path=H:\AB\Delphi_XE\TBGWebCharts\Sample\VCL\Dashboard Black\Win32\Debug\BlackDashboard.exe.WebView2\EBWebView\Default lastActive=2026-09-03T14:46:26.623Z
2026-09-03 14:51:54.694: [INFO] OnDoneLoading sync enabled: 0
2026-09-03 14:51:54.694: [INFO] BookmarkModelLoaded, ids_reassigned: 0
2026-09-03 14:51:54.694: [INFO] BookmarksLoadDropped droppedNodes=0
2026-09-03 14:51:54.694: [INFO] BookmarksSnapshot Startup total=0 bar=0 other=0 mobile=0 showBar=0 showBarNTP=1
2026-09-03 14:56:03.529: [INFO] BookmarksSnapshot Shutdown total=0 bar=0 other=0 mobile=0 showBar=0 showBarNTP=1
2026-09-03 14:56:46.273: [INFO] CurrentProfilePath: H:\AB\Delphi_XE\TBGWebCharts\Sample\VCL\Dashboard Black\Win32\Debug\BlackDashboard.exe.WebView2\EBWebView\Default
2026-09-03 14:56:46.273: [INFO] Profiles total count: 1
2026-09-03 14:56:46.273: [INFO] Profile: name=Perfil 1 path=H:\AB\Delphi_XE\TBGWebCharts\Sample\VCL\Dashboard Black\Win32\Debug\BlackDashboard.exe.WebView2\EBWebView\Default lastActive=2026-09-03T14:46:26.623Z
2026-09-03 14:56:46.273: [INFO] LastUsedProfileDir: H:\AB\Delphi_XE\TBGWebCharts\Sample\VCL\Dashboard Black\Win32\Debug\BlackDashboard.exe.WebView2\EBWebView\Default
2026-09-03 14:56:46.273: [INFO] MostRecentlyActiveProfile: name=Perfil 1 path=H:\AB\Delphi_XE\TBGWebCharts\Sample\VCL\Dashboard Black\Win32\Debug\BlackDashboard.exe.WebView2\EBWebView\Default lastActive=2026-09-03T14:46:26.623Z
2026-09-03 14:56:46.273: [INFO] OnDoneLoading sync enabled: 0
2026-09-03 14:56:46.273: [INFO] BookmarkModelLoaded, ids_reassigned: 0
2026-09-03 14:56:46.273: [INFO] BookmarksLoadDropped droppedNodes=0
2026-09-03 14:56:46.273: [INFO] BookmarksSnapshot Startup total=0 bar=0 other=0 mobile=0 showBar=0 showBarNTP=1
2026-09-03 14:57:09.476: [INFO] BookmarksSnapshot Shutdown total=0 bar=0 other=0 mobile=0 showBar=0 showBarNTP=1
2026-09-03 16:38:27.304: [INFO] CurrentProfilePath: H:\AB\Delphi_XE\TBGWebCharts\Sample\VCL\Dashboard Black\Win32\Debug\BlackDashboard.exe.WebView2\EBWebView\Default
2026-09-03 16:38:27.304: [INFO] Profiles total count: 1
2026-09-03 16:38:27.304: [INFO] Profile: name=Perfil 1 path=H:\AB\Delphi_XE\TBGWebCharts\Sample\VCL\Dashboard Black\Win32\Debug\BlackDashboard.exe.WebView2\EBWebView\Default lastActive=2026-09-03T14:56:50.277Z
2026-09-03 16:38:27.304: [INFO] LastUsedProfileDir: H:\AB\Delphi_XE\TBGWebCharts\Sample\VCL\Dashboard Black\Win32\Debug\BlackDashboard.exe.WebView2\EBWebView\Default
2026-09-03 16:38:27.304: [INFO] MostRecentlyActiveProfile: name=Perfil 1 path=H:\AB\Delphi_XE\TBGWebCharts\Sample\VCL\Dashboard Black\Win32\Debug\BlackDashboard.exe.WebView2\EBWebView\Default lastActive=2026-09-03T14:56:50.277Z
2026-09-03 16:38:27.304: [INFO] OnDoneLoading sync enabled: 0
2026-09-03 16:38:27.304: [INFO] BookmarkModelLoaded, ids_reassigned: 0
2026-09-03 16:38:27.304: [INFO] BookmarksLoadDropped droppedNodes=0
2026-09-03 16:38:27.304: [INFO] BookmarksSnapshot Startup total=0 bar=0 other=0 mobile=0 showBar=0 showBarNTP=1
2026-09-03 16:38:38.401: [INFO] BookmarksSnapshot Shutdown total=0 bar=0 other=0 mobile=0 showBar=0 showBarNTP=1
2026-09-03 16:40:22.273: [INFO] CurrentProfilePath: H:\AB\Delphi_XE\TBGWebCharts\Sample\VCL\Dashboard Black\Win32\Debug\BlackDashboard.exe.WebView2\EBWebView\Default
2026-09-03 16:40:22.273: [INFO] Profiles total count: 1
2026-09-03 16:40:22.273: [INFO] Profile: name=Perfil 1 path=H:\AB\Delphi_XE\TBGWebCharts\Sample\VCL\Dashboard Black\Win32\Debug\BlackDashboard.exe.WebView2\EBWebView\Default lastActive=2026-09-03T14:56:50.277Z
2026-09-03 16:40:22.273: [INFO] LastUsedProfileDir: H:\AB\Delphi_XE\TBGWebCharts\Sample\VCL\Dashboard Black\Win32\Debug\BlackDashboard.exe.WebView2\EBWebView\Default
2026-09-03 16:40:22.273: [INFO] MostRecentlyActiveProfile: name=Perfil 1 path=H:\AB\Delphi_XE\TBGWebCharts\Sample\VCL\Dashboard Black\Win32\Debug\BlackDashboard.exe.WebView2\EBWebView\Default lastActive=2026-09-03T14:56:50.277Z
2026-09-03 16:40:22.273: [INFO] OnDoneLoading sync enabled: 0
2026-09-03 16:40:22.273: [INFO] BookmarkModelLoaded, ids_reassigned: 0
2026-09-03 16:40:22.273: [INFO] BookmarksLoadDropped droppedNodes=0
2026-09-03 16:40:22.273: [INFO] BookmarksSnapshot Startup total=0 bar=0 other=0 mobile=0 showBar=0 showBarNTP=1
2026-09-03 16:40:31.956: [INFO] BookmarksSnapshot Shutdown total=0 bar=0 other=0 mobile=0 showBar=0 showBarNTP=1
